DEBUG: Initializing model subclass: FileReference (table: file_references)
DEBUG: Processing FileReference
DEBUG: FileReference.model_class_name -> hasattr(col)=True, hasattr(info)=False
DEBUG: FileReference.model_instance_id -> hasattr(col)=True, hasattr(info)=False
DEBUG: FileReference.file_path -> hasattr(col)=True, hasattr(info)=False
DEBUG: FileReference.storage_backend -> hasattr(col)=True, hasattr(info)=False
DEBUG: FileReference.deleted_at -> hasattr(col)=True, hasattr(info)=False
DEBUG: Analyzing hint: sqlalchemy.orm.base.Mapped[str] (type: <class 'typing._GenericAlias'>)
DEBUG: Analyzing hint: sqlalchemy.orm.base.Mapped[uuid.UUID] (type: <class 'typing._GenericAlias'>)
DEBUG: Analyzing hint: sqlalchemy.orm.base.Mapped[str] (type: <class 'typing._GenericAlias'>)
DEBUG: Analyzing hint: sqlalchemy.orm.base.Mapped[str] (type: <class 'typing._GenericAlias'>)
DEBUG: Analyzing hint: sqlalchemy.orm.base.Mapped[datetime.datetime | None] (type: <class 'typing._GenericAlias'>)
DEBUG: Analyzing hint: <class 'datetime.datetime'> (type: <class 'type'>)
DEBUG: Analyzing hint: sqlalchemy.orm.base.Mapped[uuid.UUID] (type: <class 'typing._GenericAlias'>)
DEBUG: Analyzing hint: sqlalchemy.orm.base.Mapped[datetime.datetime] (type: <class 'typing._GenericAlias'>)
DEBUG: Analyzing hint: sqlalchemy.orm.base.Mapped[datetime.datetime] (type: <class 'typing._GenericAlias'>)
DEBUG: Analyzing hint: sqlalchemy.orm.base.Mapped[str] (type: <class 'typing._GenericAlias'>)
DEBUG: Analyzing hint: sqlalchemy.orm.base.Mapped[uuid.UUID] (type: <class 'typing._GenericAlias'>)
DEBUG: Analyzing hint: sqlalchemy.orm.base.Mapped[str] (type: <class 'typing._GenericAlias'>)
DEBUG: Analyzing hint: sqlalchemy.orm.base.Mapped[str] (type: <class 'typing._GenericAlias'>)
DEBUG: Analyzing hint: sqlalchemy.orm.base.Mapped[datetime.datetime | None] (type: <class 'typing._GenericAlias'>)
DEBUG: Analyzing hint: <class 'datetime.datetime'> (type: <class 'type'>)
DEBUG: Initializing model subclass: VectorModel (table: N/A)
DEBUG: Initializing model subclass: AuditLog (table: eden_audit_logs)
DEBUG: Processing AuditLog
DEBUG: AuditLog.id -> hasattr(col)=True, hasattr(info)=False
DEBUG: AuditLog.user_id -> hasattr(col)=True, hasattr(info)=False
DEBUG: AuditLog.action -> hasattr(col)=True, hasattr(info)=False
DEBUG: AuditLog.model_name -> hasattr(col)=True, hasattr(info)=False
DEBUG: AuditLog.record_id -> hasattr(col)=True, hasattr(info)=False
DEBUG: AuditLog.changes -> hasattr(col)=True, hasattr(info)=False
DEBUG: AuditLog.timestamp -> hasattr(col)=True, hasattr(info)=False
DEBUG: Analyzing hint: <class 'uuid.UUID'> (type: <class 'type'>)
DEBUG: Analyzing hint: str | None (type: <class 'typing.Union'>)
DEBUG: Analyzing hint: <class 'str'> (type: <class 'type'>)
DEBUG: Analyzing hint: <class 'str'> (type: <class 'type'>)
DEBUG: Analyzing hint: <class 'str'> (type: <class 'type'>)
DEBUG: Analyzing hint: <class 'str'> (type: <class 'type'>)
DEBUG: Analyzing hint: dict | None (type: <class 'typing.Union'>)
DEBUG: Analyzing hint: <class 'dict'> (type: <class 'type'>)
DEBUG: Analyzing hint: <class 'datetime.datetime'> (type: <class 'type'>)
DEBUG: Analyzing hint: <class 'uuid.UUID'> (type: <class 'type'>)
DEBUG: Analyzing hint: sqlalchemy.orm.base.Mapped[datetime.datetime] (type: <class 'typing._GenericAlias'>)
DEBUG: Analyzing hint: sqlalchemy.orm.base.Mapped[datetime.datetime] (type: <class 'typing._GenericAlias'>)
DEBUG: Analyzing hint: str | None (type: <class 'typing.Union'>)
DEBUG: Analyzing hint: <class 'str'> (type: <class 'type'>)
DEBUG: Analyzing hint: <class 'str'> (type: <class 'type'>)
DEBUG: Analyzing hint: <class 'str'> (type: <class 'type'>)
DEBUG: Analyzing hint: <class 'str'> (type: <class 'type'>)
DEBUG: Analyzing hint: dict | None (type: <class 'typing.Union'>)
DEBUG: Analyzing hint: <class 'dict'> (type: <class 'type'>)
DEBUG: Analyzing hint: <class 'datetime.datetime'> (type: <class 'type'>)
DEBUG: Initializing model subclass: Customer (table: eden_customers)
DEBUG: Processing Customer
DEBUG: Customer.user_id -> hasattr(col)=True, hasattr(info)=False
DEBUG: Customer.provider_customer_id -> hasattr(col)=True, hasattr(info)=False
DEBUG: Customer.provider -> hasattr(col)=True, hasattr(info)=False
DEBUG: Analyzing hint: <class 'uuid.UUID'> (type: <class 'type'>)
DEBUG: Analyzing hint: <class 'str'> (type: <class 'type'>)
DEBUG: Analyzing hint: <class 'str'> (type: <class 'type'>)
DEBUG: Analyzing hint: sqlalchemy.orm.base.Mapped[uuid.UUID] (type: <class 'typing._GenericAlias'>)
DEBUG: Analyzing hint: sqlalchemy.orm.base.Mapped[datetime.datetime] (type: <class 'typing._GenericAlias'>)
DEBUG: Analyzing hint: sqlalchemy.orm.base.Mapped[datetime.datetime] (type: <class 'typing._GenericAlias'>)
DEBUG: Analyzing hint: <class 'uuid.UUID'> (type: <class 'type'>)
DEBUG: Analyzing hint: <class 'str'> (type: <class 'type'>)
DEBUG: Analyzing hint: <class 'str'> (type: <class 'type'>)
DEBUG: Initializing model subclass: Subscription (table: eden_subscriptions)
DEBUG: Processing Subscription
DEBUG: Subscription.customer_id -> hasattr(col)=True, hasattr(info)=False
DEBUG: Subscription.provider_subscription_id -> hasattr(col)=True, hasattr(info)=False
DEBUG: Subscription.status -> hasattr(col)=True, hasattr(info)=False
DEBUG: Subscription.price_id -> hasattr(col)=True, hasattr(info)=False
DEBUG: Subscription.current_period_end -> hasattr(col)=True, hasattr(info)=False
DEBUG: Subscription.cancel_at_period_end -> hasattr(col)=True, hasattr(info)=False
DEBUG: Analyzing hint: <class 'uuid.UUID'> (type: <class 'type'>)
DEBUG: Analyzing hint: <class 'str'> (type: <class 'type'>)
DEBUG: Analyzing hint: <class 'str'> (type: <class 'type'>)
DEBUG: Analyzing hint: str | None (type: <class 'typing.Union'>)
DEBUG: Analyzing hint: <class 'str'> (type: <class 'type'>)
DEBUG: Analyzing hint: datetime.datetime | None (type: <class 'typing.Union'>)
DEBUG: Analyzing hint: <class 'datetime.datetime'> (type: <class 'type'>)
DEBUG: Analyzing hint: <class 'bool'> (type: <class 'type'>)
DEBUG: Analyzing hint: sqlalchemy.orm.base.Mapped[uuid.UUID] (type: <class 'typing._GenericAlias'>)
DEBUG: Analyzing hint: sqlalchemy.orm.base.Mapped[datetime.datetime] (type: <class 'typing._GenericAlias'>)
DEBUG: Analyzing hint: sqlalchemy.orm.base.Mapped[datetime.datetime] (type: <class 'typing._GenericAlias'>)
DEBUG: Analyzing hint: <class 'uuid.UUID'> (type: <class 'type'>)
DEBUG: Analyzing hint: <class 'str'> (type: <class 'type'>)
DEBUG: Analyzing hint: <class 'str'> (type: <class 'type'>)
DEBUG: Analyzing hint: str | None (type: <class 'typing.Union'>)
DEBUG: Analyzing hint: <class 'str'> (type: <class 'type'>)
DEBUG: Analyzing hint: datetime.datetime | None (type: <class 'typing.Union'>)
DEBUG: Analyzing hint: <class 'datetime.datetime'> (type: <class 'type'>)
DEBUG: Analyzing hint: <class 'bool'> (type: <class 'type'>)
DEBUG: Initializing model subclass: PaymentEvent (table: eden_payment_events)
DEBUG: Processing PaymentEvent
DEBUG: PaymentEvent.provider_event_id -> hasattr(col)=True, hasattr(info)=False
DEBUG: PaymentEvent.event_type -> hasattr(col)=True, hasattr(info)=False
DEBUG: PaymentEvent.payload -> hasattr(col)=True, hasattr(info)=False
DEBUG: PaymentEvent.processed -> hasattr(col)=True, hasattr(info)=False
DEBUG: Analyzing hint: <class 'str'> (type: <class 'type'>)
DEBUG: Analyzing hint: <class 'str'> (type: <class 'type'>)
DEBUG: Analyzing hint: <class 'dict'> (type: <class 'type'>)
DEBUG: Analyzing hint: <class 'bool'> (type: <class 'type'>)
DEBUG: Analyzing hint: sqlalchemy.orm.base.Mapped[uuid.UUID] (type: <class 'typing._GenericAlias'>)
DEBUG: Analyzing hint: sqlalchemy.orm.base.Mapped[datetime.datetime] (type: <class 'typing._GenericAlias'>)
DEBUG: Analyzing hint: sqlalchemy.orm.base.Mapped[datetime.datetime] (type: <class 'typing._GenericAlias'>)
DEBUG: Analyzing hint: <class 'str'> (type: <class 'type'>)
DEBUG: Analyzing hint: <class 'str'> (type: <class 'type'>)
DEBUG: Analyzing hint: <class 'dict'> (type: <class 'type'>)
DEBUG: Analyzing hint: <class 'bool'> (type: <class 'type'>)
DEBUG: Initializing model subclass: User (table: eden_users)
DEBUG: Processing User
DEBUG: Analyzing hint: sqlalchemy.orm.base.Mapped[str | None] (type: <class 'typing._GenericAlias'>)
DEBUG: Analyzing hint: <class 'str'> (type: <class 'type'>)
DEBUG: Analyzing hint: sqlalchemy.orm.base.Mapped[uuid.UUID] (type: <class 'typing._GenericAlias'>)
DEBUG: Analyzing hint: sqlalchemy.orm.base.Mapped[str] (type: <class 'typing._GenericAlias'>)
DEBUG: Analyzing hint: sqlalchemy.orm.base.Mapped[str] (type: <class 'typing._GenericAlias'>)
DEBUG: Analyzing hint: sqlalchemy.orm.base.Mapped[bool] (type: <class 'typing._GenericAlias'>)
DEBUG: Analyzing hint: sqlalchemy.orm.base.Mapped[bool] (type: <class 'typing._GenericAlias'>)
DEBUG: Analyzing hint: sqlalchemy.orm.base.Mapped[bool] (type: <class 'typing._GenericAlias'>)
DEBUG: Analyzing hint: sqlalchemy.orm.base.Mapped[str | None] (type: <class 'typing._GenericAlias'>)
DEBUG: Analyzing hint: <class 'str'> (type: <class 'type'>)
DEBUG: Analyzing hint: sqlalchemy.orm.base.Mapped[str | None] (type: <class 'typing._GenericAlias'>)
DEBUG: Analyzing hint: <class 'str'> (type: <class 'type'>)
DEBUG: Analyzing hint: sqlalchemy.orm.base.Mapped[list[str]] (type: <class 'typing._GenericAlias'>)
DEBUG: Analyzing hint: <class 'str'> (type: <class 'type'>)
DEBUG: Analyzing hint: sqlalchemy.orm.base.Mapped[list[str]] (type: <class 'typing._GenericAlias'>)
DEBUG: Analyzing hint: <class 'str'> (type: <class 'type'>)
DEBUG: Analyzing hint: sqlalchemy.orm.base.Mapped[datetime.datetime] (type: <class 'typing._GenericAlias'>)
DEBUG: Analyzing hint: sqlalchemy.orm.base.Mapped[datetime.datetime] (type: <class 'typing._GenericAlias'>)
DEBUG: Initializing model subclass: SocialAccount (table: eden_social_accounts)
DEBUG: Processing SocialAccount
DEBUG: SocialAccount.provider -> hasattr(col)=True, hasattr(info)=False
DEBUG: SocialAccount.provider_user_id -> hasattr(col)=True, hasattr(info)=False
DEBUG: SocialAccount.provider_metadata -> hasattr(col)=True, hasattr(info)=False
DEBUG: SocialAccount.user -> hasattr(col)=False, hasattr(info)=True
DEBUG: Analyzing hint: sqlalchemy.orm.base.Mapped[str] (type: <class 'typing._GenericAlias'>)
DEBUG: Analyzing hint: sqlalchemy.orm.base.Mapped[str] (type: <class 'typing._GenericAlias'>)
DEBUG: Analyzing hint: sqlalchemy.orm.base.Mapped[dict] (type: <class 'typing._GenericAlias'>)
DEBUG: Analyzing hint: sqlalchemy.orm.base.Mapped[ForwardRef('User')] (type: <class 'typing._GenericAlias'>)
DEBUG: Analyzing hint: sqlalchemy.orm.base.Mapped[uuid.UUID] (type: <class 'typing._GenericAlias'>)
DEBUG: Analyzing hint: sqlalchemy.orm.base.Mapped[datetime.datetime] (type: <class 'typing._GenericAlias'>)
DEBUG: Analyzing hint: sqlalchemy.orm.base.Mapped[datetime.datetime] (type: <class 'typing._GenericAlias'>)
DEBUG: Analyzing hint: sqlalchemy.orm.base.Mapped[str] (type: <class 'typing._GenericAlias'>)
DEBUG: Analyzing hint: sqlalchemy.orm.base.Mapped[str] (type: <class 'typing._GenericAlias'>)
DEBUG: Analyzing hint: sqlalchemy.orm.base.Mapped[dict] (type: <class 'typing._GenericAlias'>)
DEBUG: Analyzing hint: sqlalchemy.orm.base.Mapped[eden.auth.models.User] (type: <class 'typing._GenericAlias'>)
DEBUG: infer field: SocialAccount.user, is_list=False, target_name=User, is_reference=True
DEBUG: Calling _ensure_fk_column for SocialAccount.user
DEBUG: Checking FK column user_id for SocialAccount, already_defined=False
RESOLVING User for SocialAccount
DEBUG: Creating FK for SocialAccount.user_id -> eden_users.id
DEBUG: SocialAccount.user_id -> hasattr(col)=True, hasattr(info)=False
DEBUG: Checking FK column user_id for SocialAccount, already_defined=True
DEBUG: Initializing model subclass: PasswordResetToken (table: password_reset_tokens)
DEBUG: Processing PasswordResetToken
DEBUG: PasswordResetToken.user_id -> hasattr(col)=True, hasattr(info)=False
DEBUG: PasswordResetToken.token -> hasattr(col)=True, hasattr(info)=False
DEBUG: PasswordResetToken.expires_at -> hasattr(col)=True, hasattr(info)=False
DEBUG: PasswordResetToken.used_at -> hasattr(col)=True, hasattr(info)=False
DEBUG: Analyzing hint: <class 'uuid.UUID'> (type: <class 'type'>)
DEBUG: Analyzing hint: <class 'str'> (type: <class 'type'>)
DEBUG: Analyzing hint: <class 'datetime.datetime'> (type: <class 'type'>)
DEBUG: Analyzing hint: datetime.datetime | None (type: <class 'typing.Union'>)
DEBUG: Analyzing hint: <class 'datetime.datetime'> (type: <class 'type'>)
DEBUG: Analyzing hint: sqlalchemy.orm.base.Mapped[uuid.UUID] (type: <class 'typing._GenericAlias'>)
DEBUG: Analyzing hint: sqlalchemy.orm.base.Mapped[datetime.datetime] (type: <class 'typing._GenericAlias'>)
DEBUG: Analyzing hint: sqlalchemy.orm.base.Mapped[datetime.datetime] (type: <class 'typing._GenericAlias'>)
DEBUG: Analyzing hint: <class 'uuid.UUID'> (type: <class 'type'>)
DEBUG: Analyzing hint: <class 'str'> (type: <class 'type'>)
DEBUG: Analyzing hint: <class 'datetime.datetime'> (type: <class 'type'>)
DEBUG: Analyzing hint: datetime.datetime | None (type: <class 'typing.Union'>)
DEBUG: Analyzing hint: <class 'datetime.datetime'> (type: <class 'type'>)
DEBUG: Initializing model subclass: APIKey (table: eden_api_keys)
DEBUG: Processing APIKey
DEBUG: APIKey.name -> hasattr(col)=True, hasattr(info)=False
DEBUG: APIKey.prefix -> hasattr(col)=True, hasattr(info)=False
DEBUG: APIKey.key_hash -> hasattr(col)=True, hasattr(info)=False
DEBUG: APIKey.user_id -> hasattr(col)=True, hasattr(info)=False
DEBUG: APIKey.scopes -> hasattr(col)=True, hasattr(info)=False
DEBUG: APIKey.expires_at -> hasattr(col)=True, hasattr(info)=False
DEBUG: APIKey.last_used_at -> hasattr(col)=True, hasattr(info)=False
DEBUG: APIKey.is_active -> hasattr(col)=True, hasattr(info)=False
DEBUG: Analyzing hint: <class 'str'> (type: <class 'type'>)
DEBUG: Analyzing hint: <class 'str'> (type: <class 'type'>)
DEBUG: Analyzing hint: <class 'str'> (type: <class 'type'>)
DEBUG: Analyzing hint: <class 'uuid.UUID'> (type: <class 'type'>)
DEBUG: Analyzing hint: list[str] (type: <class 'types.GenericAlias'>)
DEBUG: Analyzing hint: <class 'str'> (type: <class 'type'>)
DEBUG: Analyzing hint: datetime.datetime | None (type: <class 'typing.Union'>)
DEBUG: Analyzing hint: <class 'datetime.datetime'> (type: <class 'type'>)
DEBUG: Analyzing hint: datetime.datetime | None (type: <class 'typing.Union'>)
DEBUG: Analyzing hint: <class 'datetime.datetime'> (type: <class 'type'>)
DEBUG: Analyzing hint: <class 'bool'> (type: <class 'type'>)
DEBUG: Analyzing hint: sqlalchemy.orm.base.Mapped[uuid.UUID] (type: <class 'typing._GenericAlias'>)
DEBUG: Analyzing hint: sqlalchemy.orm.base.Mapped[datetime.datetime] (type: <class 'typing._GenericAlias'>)
DEBUG: Analyzing hint: sqlalchemy.orm.base.Mapped[datetime.datetime] (type: <class 'typing._GenericAlias'>)
DEBUG: Analyzing hint: <class 'str'> (type: <class 'type'>)
DEBUG: Analyzing hint: <class 'str'> (type: <class 'type'>)
DEBUG: Analyzing hint: <class 'str'> (type: <class 'type'>)
DEBUG: Analyzing hint: <class 'uuid.UUID'> (type: <class 'type'>)
DEBUG: Analyzing hint: list[str] (type: <class 'types.GenericAlias'>)
DEBUG: Analyzing hint: <class 'str'> (type: <class 'type'>)
DEBUG: Analyzing hint: datetime.datetime | None (type: <class 'typing.Union'>)
DEBUG: Analyzing hint: <class 'datetime.datetime'> (type: <class 'type'>)
DEBUG: Analyzing hint: datetime.datetime | None (type: <class 'typing.Union'>)
DEBUG: Analyzing hint: <class 'datetime.datetime'> (type: <class 'type'>)
DEBUG: Analyzing hint: <class 'bool'> (type: <class 'type'>)
DEBUG: Initializing model subclass: Tenant (table: eden_tenants)
DEBUG: Processing Tenant
DEBUG: Tenant.name -> hasattr(col)=True, hasattr(info)=False
DEBUG: Tenant.slug -> hasattr(col)=True, hasattr(info)=False
DEBUG: Tenant.is_active -> hasattr(col)=True, hasattr(info)=False
DEBUG: Tenant.plan -> hasattr(col)=True, hasattr(info)=False
DEBUG: Tenant.schema_name -> hasattr(col)=True, hasattr(info)=False
DEBUG: Analyzing hint: <class 'str'> (type: <class 'type'>)
DEBUG: Analyzing hint: <class 'str'> (type: <class 'type'>)
DEBUG: Analyzing hint: <class 'bool'> (type: <class 'type'>)
DEBUG: Analyzing hint: str | None (type: <class 'typing.Union'>)
DEBUG: Analyzing hint: <class 'str'> (type: <class 'type'>)
DEBUG: Analyzing hint: str | None (type: <class 'typing.Union'>)
DEBUG: Analyzing hint: <class 'str'> (type: <class 'type'>)
DEBUG: Analyzing hint: sqlalchemy.orm.base.Mapped[uuid.UUID] (type: <class 'typing._GenericAlias'>)
DEBUG: Analyzing hint: sqlalchemy.orm.base.Mapped[datetime.datetime] (type: <class 'typing._GenericAlias'>)
DEBUG: Analyzing hint: sqlalchemy.orm.base.Mapped[datetime.datetime] (type: <class 'typing._GenericAlias'>)
DEBUG: Analyzing hint: <class 'str'> (type: <class 'type'>)
DEBUG: Analyzing hint: <class 'str'> (type: <class 'type'>)
DEBUG: Analyzing hint: <class 'bool'> (type: <class 'type'>)
DEBUG: Analyzing hint: str | None (type: <class 'typing.Union'>)
DEBUG: Analyzing hint: <class 'str'> (type: <class 'type'>)
DEBUG: Analyzing hint: str | None (type: <class 'typing.Union'>)
DEBUG: Analyzing hint: <class 'str'> (type: <class 'type'>)
============================= test session starts =============================
platform win32 -- Python 3.14.3, pytest-9.0.2, pluggy-1.6.0 -- C:\Users\COBBY\AppData\Local\Python\pythoncore-3.14-64\python.exe
cachedir: .pytest_cache
rootdir: C:\PROJECTS\eden-framework
configfile: pyproject.toml
plugins: anyio-4.12.1, asyncio-1.3.0
asyncio: mode=Mode.AUTO, debug=False, asyncio_default_fixture_loop_scope=None, asyncio_default_test_loop_scope=function
collecting ... DEBUG: test_orm_enhanced.py IMPORTED
DEBUG: Initializing model subclass: EnhancedUser (table: enhanced_users)
DEBUG: Processing EnhancedUser
DEBUG: EnhancedUser.name -> hasattr(col)=True, hasattr(info)=False
DEBUG: EnhancedUser.data -> hasattr(col)=True, hasattr(info)=False
DEBUG: EnhancedUser.score -> hasattr(col)=True, hasattr(info)=False
DEBUG: EnhancedUser.tags -> hasattr(col)=True, hasattr(info)=False
DEBUG: Analyzing hint: str (type: <class 'str'>)
DEBUG: Analyzing hint: dict (type: <class 'str'>)
DEBUG: Analyzing hint: int (type: <class 'str'>)
DEBUG: Analyzing hint: list (type: <class 'str'>)
DEBUG: Analyzing hint: sqlalchemy.orm.base.Mapped[uuid.UUID] (type: <class 'typing._GenericAlias'>)
DEBUG: Analyzing hint: sqlalchemy.orm.base.Mapped[datetime.datetime] (type: <class 'typing._GenericAlias'>)
DEBUG: Analyzing hint: sqlalchemy.orm.base.Mapped[datetime.datetime] (type: <class 'typing._GenericAlias'>)
DEBUG: Analyzing hint: <class 'str'> (type: <class 'type'>)
DEBUG: Analyzing hint: <class 'dict'> (type: <class 'type'>)
DEBUG: Analyzing hint: <class 'int'> (type: <class 'type'>)
DEBUG: Analyzing hint: <class 'list'> (type: <class 'type'>)
DEBUG: Initializing model subclass: EnhancedParent (table: enhanced_parents)
DEBUG: Processing EnhancedParent
DEBUG: EnhancedParent.name -> hasattr(col)=True, hasattr(info)=False
DEBUG: EnhancedParent.children -> hasattr(col)=False, hasattr(info)=True
DEBUG: Analyzing hint: Mapped[List['EnhancedChild']] (type: <class 'str'>)
DEBUG: Analyzing hint: str (type: <class 'str'>)
DEBUG: Analyzing hint: Mapped[List['EnhancedChild']] (type: <class 'str'>)
DEBUG: Analyzing hint: str (type: <class 'str'>)
DEBUG: Analyzing hint: Mapped[List['EnhancedChild']] (type: <class 'str'>)
DEBUG: infer field: EnhancedParent.children, is_list=True, target_name=EnhancedChild, is_reference=False
DEBUG: Initializing model subclass: EnhancedChild (table: enhanced_childs)
DEBUG: Processing EnhancedChild
DEBUG: EnhancedChild.name -> hasattr(col)=True, hasattr(info)=False
DEBUG: EnhancedChild.parent -> hasattr(col)=False, hasattr(info)=True
DEBUG: Analyzing hint: str (type: <class 'str'>)
DEBUG: Analyzing hint: Mapped['EnhancedParent'] (type: <class 'str'>)
DEBUG: Analyzing hint: sqlalchemy.orm.base.Mapped[uuid.UUID] (type: <class 'typing._GenericAlias'>)
DEBUG: Analyzing hint: sqlalchemy.orm.base.Mapped[datetime.datetime] (type: <class 'typing._GenericAlias'>)
DEBUG: Analyzing hint: sqlalchemy.orm.base.Mapped[datetime.datetime] (type: <class 'typing._GenericAlias'>)
DEBUG: Analyzing hint: <class 'str'> (type: <class 'type'>)
DEBUG: Analyzing hint: sqlalchemy.orm.base.Mapped[tests.test_orm_enhanced.EnhancedParent] (type: <class 'typing._GenericAlias'>)
DEBUG: infer field: EnhancedChild.parent, is_list=False, target_name=EnhancedParent, is_reference=True
DEBUG: Calling _ensure_fk_column for EnhancedChild.parent
DEBUG: Checking FK column parent_id for EnhancedChild, already_defined=False
RESOLVING EnhancedParent for EnhancedChild
DEBUG: Creating FK for EnhancedChild.parent_id -> enhanced_parents.id
DEBUG: EnhancedChild.parent_id -> hasattr(col)=True, hasattr(info)=False
DEBUG: Checking FK column parent_id for EnhancedChild, already_defined=True
collected 1 item

tests/test_orm_enhanced.py::test_orm_f_relationship_oneliner DEBUG: setup_db called
DEBUG: Tables in metadata: ['file_references', 'eden_audit_logs', 'eden_customers', 'eden_subscriptions', 'eden_payment_events', 'eden_users', 'eden_social_accounts', 'password_reset_tokens', 'eden_api_keys', 'eden_tenants', 'enhanced_users', 'enhanced_parents', 'enhanced_childs']
FAILEDDEBUG: setup_db yielded


================================== FAILURES ===================================
______________________ test_orm_f_relationship_oneliner _______________________

    @pytest.mark.asyncio
    async def test_orm_f_relationship_oneliner():
        # Test that EnhancedChild model has parent_id automatically created
        parent = await EnhancedParent.create(name="EnhancedParent 1")
        child = await EnhancedChild.create(name="EnhancedChild 1", parent_id=parent.id)
    
        # Reload and check relationship
        fetched_child = await EnhancedChild.query().prefetch("parent").filter(id=child.id).first()
        assert fetched_child.parent.name == "EnhancedParent 1"
        assert fetched_child.parent_id == parent.id
    
        # Check parent's children
        fetched_parent = await EnhancedParent.query().prefetch("children").filter(id=parent.id).first()
>       assert len(fetched_parent.children) == 1
E       assert 0 == 1
E        +  where 0 = len([])
E        +    where [] = <tests.test_orm_enhanced.EnhancedParent object at 0x000001C420F00C20>.children

tests\test_orm_enhanced.py:133: AssertionError
=========================== short test summary info ===========================
FAILED tests/test_orm_enhanced.py::test_orm_f_relationship_oneliner - assert ...
============================== 1 failed in 0.47s ==============================
